###############################################################################
#                                                                             #
# IAR C/C++ Compiler V1.30.5.50715 for RL78             05/Aug/2014  14:51:23 #
# Copyright 2011-2013 IAR Systems AB.                                         #
# Evaluation license - IAR Embedded Workbench for Renesas RL78, Evaluation version 1.30 #
#                                                                             #
#    Core         =  rl78_2                                                   #
#    Code model   =  Near                                                     #
#    Data model   =  Near                                                     #
#                 =                                                           #
#    Source file  =  D:\NCSU\Research Work\Summer                             #
#                    2014\GainSpan-WiFi\WiFi_Demo\SerialDemo-G14_SPI\SerialDe #
#                    mo-G14 - Copy\applilet3_src\r_cg_intc_user.c             #
#    Command line =  "D:\NCSU\Research Work\Summer                            #
#                    2014\GainSpan-WiFi\WiFi_Demo\SerialDemo-G14_SPI\SerialDe #
#                    mo-G14 - Copy\applilet3_src\r_cg_intc_user.c" --core     #
#                    rl78_2 --code_model near --data_model near               #
#                    --near_const_location rom0 -o "D:\NCSU\Research          #
#                    Work\Summer 2014\GainSpan-WiFi\WiFi_Demo\SerialDemo-G14_ #
#                    SPI\SerialDemo-G14 - Copy\Debug\Obj\" --dlib_config      #
#                    "C:\Program Files (x86)\IAR Systems\Embedded Workbench   #
#                    6.5\rl78\LIB\dlrl78nn2n.h" -e -Ohz --no_scheduling       #
#                    --debug -lCN "D:\NCSU\Research Work\Summer               #
#                    2014\GainSpan-WiFi\WiFi_Demo\SerialDemo-G14_SPI\SerialDe #
#                    mo-G14 - Copy\Debug\List\" -I "D:\NCSU\Research          #
#                    Work\Summer 2014\GainSpan-WiFi\WiFi_Demo\SerialDemo-G14_ #
#                    SPI\SerialDemo-G14 - Copy/applilet3_src/\" -I            #
#                    "D:\NCSU\Research Work\Summer                            #
#                    2014\GainSpan-WiFi\WiFi_Demo\SerialDemo-G14_SPI\SerialDe #
#                    mo-G14 - Copy/Glyph/\" -I "D:\NCSU\Research Work\Summer  #
#                    2014\GainSpan-WiFi\WiFi_Demo\SerialDemo-G14_SPI\SerialDe #
#                    mo-G14 - Copy/Glyph/Drivers/\" -I "D:\NCSU\Research      #
#                    Work\Summer 2014\GainSpan-WiFi\WiFi_Demo\SerialDemo-G14_ #
#                    SPI\SerialDemo-G14 - Copy/user_include/\"                #
#    List file    =  D:\NCSU\Research Work\Summer                             #
#                    2014\GainSpan-WiFi\WiFi_Demo\SerialDemo-G14_SPI\SerialDe #
#                    mo-G14 - Copy\Debug\List\r_cg_intc_user.lst              #
#    Object file  =  D:\NCSU\Research Work\Summer                             #
#                    2014\GainSpan-WiFi\WiFi_Demo\SerialDemo-G14_SPI\SerialDe #
#                    mo-G14 - Copy\Debug\Obj\r_cg_intc_user.r87               #
#                                                                             #
#                                                                             #
###############################################################################

D:\NCSU\Research Work\Summer 2014\GainSpan-WiFi\WiFi_Demo\SerialDemo-G14_SPI\SerialDemo-G14 - Copy\applilet3_src\r_cg_intc_user.c
      1          /***********************************************************************************************************************
      2          * DISCLAIMER
      3          * This software is supplied by Renesas Electronics Corporation and is only 
      4          * intended for use with Renesas products. No other uses are authorized. This 
      5          * software is owned by Renesas Electronics Corporation and is protected under 
      6          * all applicable laws, including copyright laws.
      7          * THIS SOFTWARE IS PROVIDED "AS IS" AND RENESAS MAKES NO WARRANTIES REGARDING 
      8          * THIS SOFTWARE, WHETHER EXPRESS, IMPLIED OR STATUTORY, INCLUDING BUT NOT 
      9          * LIMITED TO WARRANTIES OF MERCHANTABILITY, FITNESS FOR A PARTICULAR PURPOSE 
     10          * AND NON-INFRINGEMENT.  ALL SUCH WARRANTIES ARE EXPRESSLY DISCLAIMED.
     11          * TO THE MAXIMUM EXTENT PERMITTED NOT PROHIBITED BY LAW, NEITHER RENESAS 
     12          * ELECTRONICS CORPORATION NOR ANY OF ITS AFFILIATED COMPANIES SHALL BE LIABLE 
     13          * FOR ANY DIRECT, INDIRECT, SPECIAL, INCIDENTAL OR CONSEQUENTIAL DAMAGES FOR 
     14          * ANY REASON RELATED TO THIS SOFTWARE, EVEN IF RENESAS OR ITS AFFILIATES HAVE 
     15          * BEEN ADVISED OF THE POSSIBILITY OF SUCH DAMAGES.
     16          * Renesas reserves the right, without notice, to make changes to this software 
     17          * and to discontinue the availability of this software.  By using this software, 
     18          * you agree to the additional terms and conditions found by accessing the 
     19          * following link:
     20          * http://www.renesas.com/disclaimer
     21          *
     22          * Copyright (C) 2011, 2013 Renesas Electronics Corporation. All rights reserved.
     23          ***********************************************************************************************************************/
     24          
     25          /***********************************************************************************************************************
     26          * File Name    : r_cg_intc_user.c
     27          * Version      : Applilet3 for RL78/G14 V2.00.00.08 [12 Apr 2013]
     28          * Device(s)    : R5F104PJ
     29          * Tool-Chain   : IAR Systems iccrl78
     30          * Description  : This file implements device driver for INTC module.
     31          * Creation Date: 8/4/2014
     32          ***********************************************************************************************************************/
     33          
     34          /***********************************************************************************************************************
     35          Includes
     36          ***********************************************************************************************************************/
     37          #include "r_cg_macrodriver.h"
     38          #include "r_cg_intc.h"
     39          /* Start user code for include. Do not edit comment generated here */
     40          /* End user code. Do not edit comment generated here */
     41          #include "r_cg_userdefine.h"
     42          
     43          /***********************************************************************************************************************
     44          Global variables and functions
     45          ***********************************************************************************************************************/
     46          /* Start user code for global. Do not edit comment generated here */

   \                                 In  segment NEAR_Z, align 1, align-sorted
     47          uint8_t Switch1 = 0;
   \                     Switch1:
   \   000000                       DS 1
   \   000001                       REQUIRE __INIT_NEAR_Z
     48          
     49          /* End user code. Do not edit comment generated here */
     50          
     51          /***********************************************************************************************************************
     52          * Function Name: r_intc8_interrupt
     53          * Description  : This function is INTP8 interrupt service routine.
     54          * Arguments    : None
     55          * Return Value : None
     56          ***********************************************************************************************************************/
     57          #pragma vector = INTP8_vect

   \                                 In  segment CODE, align 1, keep-with-next
     58          __interrupt static void r_intc8_interrupt(void)
   \                     r_intc8_interrupt:
     59          {
   \   000000                       ; * Stack frame (at entry) *
   \   000000                       ; Param size: 0
   \   000000                       ; Auto size: 0
     60              /* Start user code. Do not edit comment generated here */
     61             Switch1 = 1;
   \   000000 E5....                ONEB      N:Switch1          ;; 1 cycle
     62              /* End user code. Do not edit comment generated here */
     63          }
   \   000003 61FC                  RETI                         ;; 6 cycles
   \   000005                       ; ------------------------------------- Block: 7 cycles
   \   000005                       ; ------------------------------------- Total: 7 cycles
   \   000005                       REQUIRE ?CLRL78_V1_0_L00
     64          
     65          /***********************************************************************************************************************
     66          * Function Name: r_intc9_interrupt
     67          * Description  : This function is INTP9 interrupt service routine.
     68          * Arguments    : None
     69          * Return Value : None
     70          ***********************************************************************************************************************/
     71          #pragma vector = INTP9_vect

   \                                 In  segment CODE, align 1, keep-with-next
     72          __interrupt static void r_intc9_interrupt(void)
   \                     r_intc9_interrupt:
     73          {
   \   000000                       ; * Stack frame (at entry) *
   \   000000                       ; Param size: 0
   \   000000                       ; Auto size: 0
     74              /* Start user code. Do not edit comment generated here */
     75              /* End user code. Do not edit comment generated here */
     76          }
   \   000000 61FC                  RETI                         ;; 6 cycles
   \   000002                       ; ------------------------------------- Block: 6 cycles
   \   000002                       ; ------------------------------------- Total: 6 cycles
   \   000002                       REQUIRE ?CLRL78_V1_0_L00
     77          
     78          /***********************************************************************************************************************
     79          * Function Name: r_intc10_interrupt
     80          * Description  : This function is INTP10 interrupt service routine.
     81          * Arguments    : None
     82          * Return Value : None
     83          ***********************************************************************************************************************/
     84          #pragma vector = INTP10_vect

   \                                 In  segment CODE, align 1, keep-with-next
     85          __interrupt static void r_intc10_interrupt(void)
   \                     r_intc10_interrupt:
     86          {
   \   000000                       ; * Stack frame (at entry) *
   \   000000                       ; Param size: 0
   \   000000                       ; Auto size: 0
     87              /* Start user code. Do not edit comment generated here */
     88              /* End user code. Do not edit comment generated here */
     89          }
   \   000000 61FC                  RETI                         ;; 6 cycles
   \   000002                       ; ------------------------------------- Block: 6 cycles
   \   000002                       ; ------------------------------------- Total: 6 cycles
   \   000002                       REQUIRE ?CLRL78_V1_0_L00

   \                                 In  segment INTVEC, offset 0x4e, root
   \   00004E ....                  DW r_intc8_interrupt

   \                                 In  segment INTVEC, offset 0x50, root
   \   000050 ....                  DW r_intc9_interrupt

   \                                 In  segment INTVEC, offset 0x52, root
   \   000052 ....                  DW r_intc10_interrupt
     90          
     91          /* Start user code for adding. Do not edit comment generated here */
     92          /* End user code. Do not edit comment generated here */

   Maximum stack usage in bytes:

   CSTACK Function
   ------ --------
      0   r_intc10_interrupt
      0   r_intc8_interrupt
      0   r_intc9_interrupt


   Segment part sizes:

   Bytes  Function/Label
   -----  --------------
       2  ??r_intc10_interrupt??INTVEC 82
       2  ??r_intc8_interrupt??INTVEC 78
       2  ??r_intc9_interrupt??INTVEC 80
       1  Switch1
       2  r_intc10_interrupt
       5  r_intc8_interrupt
       2  r_intc9_interrupt

 
 9 bytes in segment CODE
 6 bytes in segment INTVEC
 1 byte  in segment NEAR_Z
 
 9 bytes of CODE memory (+ 6 bytes shared)
 1 byte  of DATA memory

Errors: none
Warnings: none
